
           <blah>
              <a>
                 <b>9</b>
                 <b>6</b>
              </a>
           </blah> 