<spec><problem><c><a>6</a><b>2</b></c></problem><d>111100</d><e>01</e></spec>