
           <e>
             <c>
               <a>2</a>
               <b>01100001 01100001</b>
             </c>
             <d>01100010 01100010</d>
           </e>