
           <blah>
              <length-total>10</length-total>
              <length-header>6</length-header>
              <header>header</header>
              <data>data</data>
           </blah> 