<header> <length>5</length> <data>abcde</data> </header>