<a>
            <two-digits>
              <digit-1><digit><text-digit>50</text-digit></digit></digit-1>
              <digit-2><digit><text-digit>49</text-digit></digit></digit-2>
            </two-digits>
            <buffer>xxxxxxxxxxxxxxxxxxxxx</buffer>
          </a>