
           <blah>
              <a>3</a>
              <b>83</b>
           </blah> 