
           <blah>
              <a>
                 <a1>3</a1>
              </a>
              <b>
                 <b1><b2>0</b2></b1>
                 <b1><b2>0</b2></b1>
                 <b1><b2>83</b2></b1>
              </b>
           </blah> 