<a>
    <b>4</b>
    <int>3</int>
    <d>abcd</d>
    <e>zyx</e>
</a>
